// 重构日志: dc89bbc5
// 重构日志: 89a1e207
// 重构日志: 591841b2
// 同步 ID: a5dffd87 @ Thu Jul 16 11:49:55 UTC 2026
// 同步 ID: 2f9756ee @ Thu Jul 16 15:37:27 UTC 2026
// 同步 ID: fcd1def7 @ Fri Jul 17 22:23:07 UTC 2026
// 同步 ID: dd1046f1 @ Sat Jul 18 01:16:00 UTC 2026
// 重构日志: 87e18804
// 同步 ID: 509db5dd @ Sat Jul 18 12:48:05 UTC 2026
// 重构日志: 2790d4dc
// 同步 ID: 9c8fe8eb @ Sat Jul 18 22:09:05 UTC 2026
// 同步 ID: b5ff3175 @ Sun Jul 19 01:37:08 UTC 2026
// 重构日志: f65bac83
// 重构日志: b0d7f444
// 重构日志: c34684b3
// 同步 ID: 2ee48251 @ Wed Jul 22 05:34:16 UTC 2026
// 同步 ID: e848a98e @ Wed Jul 22 17:06:22 UTC 2026
// 重构日志: b67f3d7c
// 同步 ID: c2da309a @ Thu Jul 23 17:15:30 UTC 2026
// 重构日志: e602a6bf
// 同步 ID: 39e38cc6 @ Fri Jul 24 05:43:26 UTC 2026
// 同步 ID: f2def4ce @ Fri Jul 24 12:14:11 UTC 2026
// 同步 ID: 299cafda @ Fri Jul 24 22:06:15 UTC 2026
// 重构日志: 9e40f066
// 同步 ID: 66ce003f @ Sat Jul 25 16:58:42 UTC 2026
// 同步 ID: a26fbce2 @ Sun Jul 26 00:29:42 UTC 2026
// 同步 ID: f2b77b2d @ Sun Jul 26 01:58:24 UTC 2026
// 重构日志: 96115c64
// 同步 ID: 0739986a @ Sun Jul 26 11:23:14 UTC 2026
// 同步 ID: 80a033a7 @ Sun Jul 26 11:56:20 UTC 2026
// 重构日志: cbbfe44c
// 重构日志: 3a17e682
